Unity Editor version:    6000.5.3f1 (c2eb47b3a2a9)
Branch:                  6000.5/staging
Build type:              Release
Batch mode:              NO
System name:             Linux
Distro version:          #27-Ubuntu SMP PREEMPT_DYNAMIC Thu Jun 18 19:13:49 UTC 2026
Kernel version:          7.0.0-27-generic
Architecture:            x86_64
Available memory:        19163 MB
Date:                    2026-07-12T13:09:50Z
[Licensing::Module] Trying to connect to existing licensing client channel...
[Licensing::IpcConnector] Successfully connected to: "LicenseClient-chie289" at "2026-07-12T13:09:50.69785Z"
[SignatureVerifier] Application signature verification not supported on this platform.
[Licensing::Client] Error: HandshakeResponse reported an error:
	ResponseCode: 505
	ResponseStatus: Unsupported protocol version '1.18.1'.
[Licensing::Module] Error: Failed to handshake to channel: "LicenseClient-chie289"
[Licensing::IpcConnector] LicenseClient-chie289 channel disconnected successfully.
[Licensing::IpcConnector] Successfully connected to: "LicenseClient-chie289-6000.5.3" at "2026-07-12T13:09:50.70014Z"
[SignatureVerifier] Application signature verification not supported on this platform.
[Licensing::Client] Handshaking with LicensingClient:
  Version:                 1.18.1+9fbee8e
  Session Id:              7eb238567e9f4e89aff2928a07dbd08c
  Correlation Id:          bdfbde5f9872d7bdddffdc32d8a619eb
  External correlation Id: 671378935166603057
  Machine Id:              4cfa7qR6I6To3EuwkpxdCFy6y6w=
[Licensing::Module] Successfully connected to LicensingClient on channel: "LicenseClient-chie289-6000.5.3" (connect: 0.00s, validation: 0.01s, handshake: 0.00s)
[Licensing::IpcConnector] Successfully connected to: "LicenseClient-chie289-6000.5.3-notifications" at "2026-07-12T13:09:50.707358Z"
[Licensing::Client] Successfully updated the access token
[Licensing::Module] Successfully updated the access token SJFEORJ7Jr...
[Licensing::Client] Successfully resolved entitlement details
[Licensing::Module] License group:
  Id: 18968465019301-UnityPersXXXX
  Product: Unity Personal
  Type: Assigned
  Expiration: Unlimited
[Licensing::Client] Successfully updated license, isAsync: True, time: 0.00
[Licensing::Client] Successfully resolved entitlement details
[Licensing::Module] Licensing Background thread has ended after 0.02s
Selected window backend: (null) 
Desktop is 1920 x 1200 @ 60 Hz
Initialize udev device monitor.

COMMAND LINE ARGUMENTS:
/home/chie289/Unity/Hub/Editor/6000.5.3f1/Editor/Unity
-createproject
/home/chie289/My project (1)
-cloneFromTemplate
/home/chie289/.config/unityhub/Templates/com.unity.template.platformer-5.1.1.tgz
-cloudOrganization
18968464982894
-cloudProject
2455c9c8-760c-4660-a5a6-3b12d0b9053b
-cloudEnvironment
production
-useHub
-hubIPC
-hubSessionId
10fff9cb-bde8-4307-9ba1-a24f1d333508
-accessToken
SJFEORJ7JrWswnaBxQ4ZfasRhaJq5dcquzQJAnT3tsE011f
/home/chie289/My project (1)
[UnityMemory] Configuration Parameters - Can be set up in boot.config
    "memorysetup-temp-allocator-size-gi-baking-worker=262144"
    "memorysetup-temp-allocator-size-gi-baking-worker=262144"
    "memorysetup-temp-allocator-size-gi-baking-worker=262144"
    "memorysetup-temp-allocator-size-gi-baking-worker=262144"
    "memorysetup-temp-allocator-size-gi-baking-worker=262144"
    "memorysetup-temp-allocator-size-nav-mesh-worker=65536"
    "memorysetup-temp-allocator-size-audio-worker=65536"
    "memorysetup-temp-allocator-size-cloud-worker=32768"
    "memorysetup-allocator-temp-initial-block-size-main=262144"
    "memorysetup-allocator-temp-initial-block-size-worker=262144"
    "memorysetup-temp-allocator-size-preload-manager=33554432"
    "memorysetup-temp-allocator-size-gfx=262144"
    "memorysetup-temp-allocator-size-background-worker=32768"
    "memorysetup-temp-allocator-size-job-worker=262144"
    "memorysetup-bucket-allocator-granularity=16"
    "memorysetup-bucket-allocator-bucket-count=8"
    "memorysetup-bucket-allocator-block-size=33554432"
    "memorysetup-bucket-allocator-block-count=8"
    "memorysetup-main-allocator-block-size=16777216"
    "memorysetup-thread-allocator-block-size=16777216"
    "memorysetup-main-allocator-mimalloc-enabled=0"
    "memorysetup-gfx-main-allocator-block-size=16777216"
    "memorysetup-gfx-thread-allocator-block-size=16777216"
    "memorysetup-cache-allocator-block-size=4194304"
    "memorysetup-typetree-allocator-block-size=2097152"
    "memorysetup-profiler-bucket-allocator-granularity=16"
    "memorysetup-profiler-bucket-allocator-bucket-count=8"
    "memorysetup-profiler-bucket-allocator-block-size=33554432"
    "memorysetup-profiler-bucket-allocator-block-count=8"
    "memorysetup-profiler-allocator-block-size=16777216"
    "memorysetup-profiler-editor-allocator-block-size=1048576"
    "memorysetup-temp-allocator-size-main=16777216"
    "memorysetup-job-temp-allocator-block-size=2097152"
    "memorysetup-job-temp-allocator-block-size-background=1048576"
    "memorysetup-job-temp-allocator-reduction-small-platforms=262144"
*********************************
Logs moved to project-relative Editor.log file, and subsequent logs will only be written to this file. See:
/home/chie289/My project (1)/Logs/Editor.log