[2026-07-12 20:10:01.907 +07:00 INF 1783861801728] Launching bug reporter: "Release" session 1783861801728
[2026-07-12 20:10:03.068 +07:00 INF 1783861801728] Editor Analytics ID is not set, analytics will not be sent
[2026-07-12 20:10:03.772 +07:00 INF 1783861801728] Event triggered: bug_reporter_opened
[2026-07-12 20:10:04.437 +07:00 INF 1783861801728] Bug Report View loaded in 2.7087855 s
[2026-07-12 20:10:04.439 +07:00 INF 1783861801728] Event triggered: bug_reporter_loaded
[2026-07-12 20:10:04.544 +07:00 INF 1783861801728] Event triggered: attachment_added
[2026-07-12 20:10:04.626 +07:00 INF 1783861801728] Event triggered: attachment_added
[2026-07-12 20:10:04.634 +07:00 INF 1783861801728] Event triggered: attachment_added
[2026-07-12 20:10:04.634 +07:00 INF 1783861801728] Event triggered: attachment_added
[2026-07-12 20:10:04.634 +07:00 INF 1783861801728] Event triggered: attachment_added
[2026-07-12 20:10:04.635 +07:00 INF 1783861801728] Event triggered: attachment_added
[2026-07-12 20:10:04.635 +07:00 INF 1783861801728] Event triggered: attachment_added
[2026-07-12 20:10:04.910 +07:00 WRN 1783861801728] Encountered unknown license type: Asset Store, defaulting to Unknown
[2026-07-12 20:10:05.858 +07:00 INF 1783861801728] Launch status: 15 - Launched, ReadCliArgs, ReadSettings, LoadedReport
[2026-07-12 20:10:06.215 +07:00 INF 1783861801728] Event triggered: unity_project_size_reduced
[2026-07-12 20:10:06.221 +07:00 INF 1783861801728] Event triggered: attachment_populated
[2026-07-12 20:10:35.496 +07:00 INF 1783861801728] Creating / overwriting file at /home/chie289/.config/unity3d/config/bugreporter-settings.json
[2026-07-12 20:10:35.497 +07:00 INF 1783861801728] Creating directory at /home/chie289/.config/unity3d/config
[2026-07-12 20:10:35.504 +07:00 INF 1783861801728] Deleting directory at /tmp/UnityBugReporter_1783861801728
[2026-07-12 20:10:35.506 +07:00 INF 1783861801728] Event triggered: report_cancelled
[2026-07-12 20:10:35.546 +07:00 INF 1783861801728] Event triggered: bug_reporter_closed
[2026-07-12 20:10:44.751 +07:00 INF 1783861844554] Launching bug reporter: "Release" session 1783861844554
[2026-07-12 20:10:45.814 +07:00 INF 1783861844554] Editor Analytics ID is not set, analytics will not be sent
[2026-07-12 20:10:46.481 +07:00 INF 1783861844554] Event triggered: bug_reporter_opened
[2026-07-12 20:10:47.128 +07:00 INF 1783861844554] Bug Report View loaded in 2.5732591 s
[2026-07-12 20:10:47.129 +07:00 INF 1783861844554] Event triggered: bug_reporter_loaded
[2026-07-12 20:10:47.228 +07:00 INF 1783861844554] Event triggered: attachment_added
[2026-07-12 20:10:47.300 +07:00 INF 1783861844554] Event triggered: attachment_added
[2026-07-12 20:10:47.306 +07:00 INF 1783861844554] Event triggered: attachment_added
[2026-07-12 20:10:47.306 +07:00 INF 1783861844554] Event triggered: attachment_added
[2026-07-12 20:10:47.306 +07:00 INF 1783861844554] Event triggered: attachment_added
[2026-07-12 20:10:47.307 +07:00 INF 1783861844554] Event triggered: attachment_added
[2026-07-12 20:10:47.307 +07:00 INF 1783861844554] Event triggered: attachment_added
[2026-07-12 20:10:47.527 +07:00 WRN 1783861844554] Encountered unknown license type: Asset Store, defaulting to Unknown
[2026-07-12 20:10:48.174 +07:00 INF 1783861844554] Launch status: 15 - Launched, ReadCliArgs, ReadSettings, LoadedReport
[2026-07-12 20:10:48.432 +07:00 INF 1783861844554] Event triggered: unity_project_size_reduced
[2026-07-12 20:10:48.437 +07:00 INF 1783861844554] Event triggered: attachment_populated
[2026-07-12 20:29:13.899 +07:00 INF 1783861844554] Creating / overwriting file at /home/chie289/.config/unity3d/config/bugreporter-settings.json
[2026-07-12 20:29:13.915 +07:00 INF 1783861844554] Deleting directory at /tmp/UnityBugReporter_1783861844554
[2026-07-12 20:29:13.917 +07:00 INF 1783861844554] Event triggered: report_cancelled
[2026-07-12 20:29:14.020 +07:00 INF 1783861844554] Event triggered: bug_reporter_closed
